!llvm.dbg.cu = !{!0}
!llvm.module.flags = !{!3, !4}

!0 = distinct !DICompileUnit(language: DW_LANG_C99, file: !1, producer: "clang version 3.4 (trunk 191846) (llvm/trunk 191866)", emissionKind: FullDebug, enums: !2, retainedTypes: !5, globals: !2, imports: !2, nameTableKind: GNU)
!1 = !DIFile(filename: "foo.c", directory: "/usr/local/google/home/echristo/tmp")
!2 = !{}
!3 = !{i32 2, !"Dwarf Version", i32 4}
!4 = !{i32 1, !"Debug Info Version", i32 3}
!5 = !{!6}
!6 = !DIBasicType(name: "int", size: 32, encoding: DW_ATE_signed)
