!llvm.dbg.cu = !{!0}
!llvm.module.flags = !{!11}
!named = !{!0, !1, !2, !3, !4, !5, !6, !7, !8, !9, !10}

!0 = distinct !DICompileUnit(language: DW_LANG_C99, file: !1, producer: "clang", isOptimized: true, flags: "-O2", splitDebugFilename: "abc.debug", emissionKind: LineTablesOnly)
!1 = !DIFile(filename: "path/to/file", directory: "/path/to/dir")
!2 = distinct !DISubprogram(name: "foo", scope: !1, unit: !0)
!3 = !DILexicalBlock(scope: !2, file: !1, line: 7, column: 35)
!4 = !DILexicalBlock(scope: !2)
!5 = !DILexicalBlock(scope: !2)
!6 = !DILexicalBlockFile(scope: !3, file: !1, discriminator: 0)
!7 = !DILexicalBlockFile(scope: !3, file: !1, discriminator: 1)
!8 = !DILexicalBlockFile(scope: !3, discriminator: 7)
!9 = !DILexicalBlockFile(scope: !3, discriminator: 7)
!10 = distinct !{}
!11 = !{i32 2, !"Debug Info Version", i32 3}
