define void @_Z3foov() !dbg !9 {
; <label>:0
	ret void
}

!named = !{!0, !1, !2, !3, !4, !5, !6, !7, !8, !9, !10, !11, !12, !13, !14}
!llvm.module.flags = !{!15}
!llvm.dbg.cu = !{!8}

!0 = !{null}
!1 = distinct !DICompositeType(tag: DW_TAG_structure_type)
!2 = !DIFile(filename: "path/to/file", directory: "/path/to/dir")
!3 = !DISubroutineType(types: !0)
!4 = distinct !DICompositeType(tag: DW_TAG_structure_type)
!5 = distinct !{}
!6 = distinct !{}
!7 = distinct !DISubprogram(unit: !8)
!8 = distinct !DICompileUnit(language: DW_LANG_C99, file: !2, producer: "clang", isOptimized: true, flags: "-O2", splitDebugFilename: "abc.debug", emissionKind: LineTablesOnly)
!9 = !DISubprogram()
!10 = distinct !DISubprogram(name: "foo", linkageName: "_Zfoov", scope: !1, file: !2, line: 7, type: !3, isLocal: true, isDefinition: true, scopeLine: 8, containingType: !4, virtuality: DW_VIRTUALITY_pure_virtual, virtualIndex: 10, thisAdjustment: 3, flags: DIFlagPrototyped | DIFlagNoReturn, isOptimized: true, unit: !8, templateParams: !5, declaration: !9, retainedNodes: !6)
!11 = distinct !DISubprogram(name: "foo", linkageName: "_Zfoov", scope: !1, file: !2, line: 7, type: !3, isLocal: true, isDefinition: true, scopeLine: 8, containingType: !4, virtuality: DW_VIRTUALITY_pure_virtual, flags: DIFlagPrototyped, isOptimized: true, unit: !8, templateParams: !5, declaration: !9, retainedNodes: !6)
!12 = distinct !DISubprogram(name: "foo", linkageName: "_Zfoov", scope: !1, file: !2, line: 7, type: !3, isLocal: true, isDefinition: true, scopeLine: 8, containingType: !4, flags: DIFlagPrototyped, isOptimized: true, unit: !8, templateParams: !5, declaration: !9, retainedNodes: !6)
!13 = !{!4}
!14 = distinct !DISubprogram(name: "foo", scope: !1, file: !2, line: 1, type: !3, isLocal: true, isDefinition: true, scopeLine: 2, unit: !8, thrownTypes: !13)
!15 = !{i32 1, !"Debug Info Version", i32 3}
