@ptr_foo = global void ()* @foo_ifunc
@ptr_bar = global void ()* @bar

@alias_foo = alias void (), void ()* @foo_ifunc
@alias_bar = alias void (), void ()* @bar

@foo_ifunc = ifunc void (), void ()* ()* @foo_resolver
@bar_ifunc = ifunc void (), void ()* ()* @bar_resolver

define void ()* @foo_resolver() {
entry:
	ret void ()* null
}

define void @bar() {
entry:
	call void @foo_ifunc()
	ret void
}

define void ()* @bar_resolver() {
entry:
	ret void ()* null
}

define void @bar2() {
entry:
	call void @bar()
	ret void
}
