@a = global [4 x void ()*] [void ()* no_cfi @f1, void ()* @f1, void ()* @f2, void ()* no_cfi @f2]
@b = constant void ()* no_cfi @f3
@c = constant void ()* @f3

declare void @f1()

declare void @f2()

define void @f3() {
0:
	call void no_cfi @f4()
	call void @f4()
	call void no_cfi @f5()
	call void @f5()
	ret void
}

declare void @f4()

declare void @f5()

define void @g() {
0:
	%n = alloca void ()*, align 8
	store void ()* no_cfi @f5, void ()** %n, align 8
	%1 = load void ()*, void ()** %n
	call void %1()
	ret void
}
