@x0 = global i8 0, align 1, !dbg !0
@x1 = global i8 0, align 1, !dbg !46
@x2 = global i16 0, align 2, !dbg !48
@x3 = global i16 0, align 2, !dbg !50
@x4 = global i32 0, align 4, !dbg !52
@x5 = global i32 0, align 4, !dbg !54
@x6 = global i64 0, align 8, !dbg !56
@x7 = global i64 0, align 8, !dbg !58
@x8 = global i32 0, align 4, !dbg !60

!llvm.dbg.cu = !{!2}
!llvm.module.flags = !{!62}

!0 = !DIGlobalVariableExpression(var: !1, expr: !DIExpression())
!1 = distinct !DIGlobalVariable(name: "x0", scope: !2, file: !3, line: 5, type: !5, isDefinition: true)
!2 = distinct !DICompileUnit(language: DW_LANG_C_plus_plus, file: !3, producer: "clang version 7.0.0 (/data/src/llvm/tools/clang 0c08d9830124a75675348b4eeb47256f3da6693d) (/data/src/llvm cf29510f52faa77b98510cd53276f564d1f4f41f)", emissionKind: FullDebug, enums: !4, globals: !45)
!3 = !DIFile(filename: "/data/src/llvm-dev/tools/clang/test/CodeGen/debug-info-enum.cpp", directory: "/work/build/clang-dev")
!4 = !{!5, !10, !14, !19, !23, !28, !32, !37, !41}
!5 = !DICompositeType(tag: DW_TAG_enumeration_type, name: "E0", file: !3, line: 2, baseType: !6, size: 8, flags: DIFlagFixedEnum, elements: !7, identifier: "_ZTS2E0")
!6 = !DIBasicType(name: "signed char", size: 8, encoding: DW_ATE_signed_char)
!7 = !{!8, !9}
!8 = !DIEnumerator(name: "A0", value: -128)
!9 = !DIEnumerator(name: "B0", value: 127)
!10 = !DICompositeType(tag: DW_TAG_enumeration_type, name: "E1", file: !3, line: 12, baseType: !11, size: 8, flags: DIFlagFixedEnum, elements: !12, identifier: "_ZTS2E1")
!11 = !DIBasicType(name: "unsigned char", size: 8, encoding: DW_ATE_unsigned_char)
!12 = !{!13}
!13 = !DIEnumerator(name: "A1", value: 255, isUnsigned: true)
!14 = !DICompositeType(tag: DW_TAG_enumeration_type, name: "E2", file: !3, line: 18, baseType: !15, size: 16, flags: DIFlagFixedEnum, elements: !16, identifier: "_ZTS2E2")
!15 = !DIBasicType(name: "short", size: 16, encoding: DW_ATE_signed)
!16 = !{!17, !18}
!17 = !DIEnumerator(name: "A2", value: -32768)
!18 = !DIEnumerator(name: "B2", value: 32767)
!19 = !DICompositeType(tag: DW_TAG_enumeration_type, name: "E3", file: !3, line: 28, baseType: !20, size: 16, flags: DIFlagFixedEnum, elements: !21, identifier: "_ZTS2E3")
!20 = !DIBasicType(name: "unsigned short", size: 16, encoding: DW_ATE_unsigned)
!21 = !{!22}
!22 = !DIEnumerator(name: "A3", value: 65535, isUnsigned: true)
!23 = !DICompositeType(tag: DW_TAG_enumeration_type, name: "E4", file: !3, line: 34, baseType: !24, size: 32, flags: DIFlagFixedEnum, elements: !25, identifier: "_ZTS2E4")
!24 = !DIBasicType(name: "int", size: 32, encoding: DW_ATE_signed)
!25 = !{!26, !27}
!26 = !DIEnumerator(name: "A4", value: -2147483648)
!27 = !DIEnumerator(name: "B4", value: 2147483647)
!28 = !DICompositeType(tag: DW_TAG_enumeration_type, name: "E5", file: !3, line: 41, baseType: !29, size: 32, flags: DIFlagFixedEnum, elements: !30, identifier: "_ZTS2E5")
!29 = !DIBasicType(name: "unsigned int", size: 32, encoding: DW_ATE_unsigned)
!30 = !{!31}
!31 = !DIEnumerator(name: "A5", value: 4294967295, isUnsigned: true)
!32 = !DICompositeType(tag: DW_TAG_enumeration_type, name: "E6", file: !3, line: 47, baseType: !33, size: 64, flags: DIFlagFixedEnum, elements: !34, identifier: "_ZTS2E6")
!33 = !DIBasicType(name: "long long int", size: 64, encoding: DW_ATE_signed)
!34 = !{!35, !36}
!35 = !DIEnumerator(name: "A6", value: -9223372036854775808)
!36 = !DIEnumerator(name: "B6", value: 9223372036854775807)
!37 = !DICompositeType(tag: DW_TAG_enumeration_type, name: "E7", file: !3, line: 57, baseType: !38, size: 64, flags: DIFlagFixedEnum, elements: !39, identifier: "_ZTS2E7")
!38 = !DIBasicType(name: "long long unsigned int", size: 64, encoding: DW_ATE_unsigned)
!39 = !{!40}
!40 = !DIEnumerator(name: "A7", value: 18446744073709551615, isUnsigned: true)
!41 = !DICompositeType(tag: DW_TAG_enumeration_type, name: "E8", file: !3, line: 63, baseType: !24, size: 32, elements: !42, identifier: "_ZTS2E8")
!42 = !{!43, !44}
!43 = !DIEnumerator(name: "A8", value: -128)
!44 = !DIEnumerator(name: "B8", value: 127)
!63 = !DICompositeType(tag: DW_TAG_enumeration_type, name: "E9", file: !3, line: 63, size: 32, flags: DIFlagFixedEnum, elements: !64, identifier: "_ZTS2E9")
!64 = !{!65, !66}
!65 = !DIEnumerator(name: "A9", value: -128)
!66 = !DIEnumerator(name: "B9", value: 127)
!45 = !{!0, !46, !48, !50, !52, !54, !56, !58, !60, !67}
!46 = !DIGlobalVariableExpression(var: !47, expr: !DIExpression())
!47 = distinct !DIGlobalVariable(name: "x1", scope: !2, file: !3, line: 12, type: !10, isDefinition: true)
!48 = !DIGlobalVariableExpression(var: !49, expr: !DIExpression())
!49 = distinct !DIGlobalVariable(name: "x2", scope: !2, file: !3, line: 21, type: !14, isDefinition: true)
!50 = !DIGlobalVariableExpression(var: !51, expr: !DIExpression())
!51 = distinct !DIGlobalVariable(name: "x3", scope: !2, file: !3, line: 28, type: !19, isDefinition: true)
!52 = !DIGlobalVariableExpression(var: !53, expr: !DIExpression())
!53 = distinct !DIGlobalVariable(name: "x4", scope: !2, file: !3, line: 34, type: !23, isDefinition: true)
!54 = !DIGlobalVariableExpression(var: !55, expr: !DIExpression())
!55 = distinct !DIGlobalVariable(name: "x5", scope: !2, file: !3, line: 41, type: !28, isDefinition: true)
!56 = !DIGlobalVariableExpression(var: !57, expr: !DIExpression())
!57 = distinct !DIGlobalVariable(name: "x6", scope: !2, file: !3, line: 50, type: !32, isDefinition: true)
!58 = !DIGlobalVariableExpression(var: !59, expr: !DIExpression())
!59 = distinct !DIGlobalVariable(name: "x7", scope: !2, file: !3, line: 57, type: !37, isDefinition: true)
!60 = !DIGlobalVariableExpression(var: !61, expr: !DIExpression())
!61 = distinct !DIGlobalVariable(name: "x8", scope: !2, file: !3, line: 63, type: !41, isDefinition: true)
!67 = !DIGlobalVariableExpression(var: !68, expr: !DIExpression())
!68 = distinct !DIGlobalVariable(name: "x9", scope: !2, file: !3, line: 63, type: !63, isDefinition: true)
!62 = !{i32 2, !"Debug Info Version", i32 3}
