define amdgpu_kernel void @fdiv_f32_ieee() #0 {
0:
	%f32 = fdiv float undef, undef
	%v2f32 = fdiv <2 x float> undef, undef
	%v3f32 = fdiv <3 x float> undef, undef
	%v4f32 = fdiv <4 x float> undef, undef
	%v5f32 = fdiv <5 x float> undef, undef
	%v8f32 = fdiv <8 x float> undef, undef
	%v9f32 = fdiv <9 x float> undef, undef
	ret void
}

define amdgpu_kernel void @fdiv_f32_ftzdaz() #1 {
0:
	%f32 = fdiv float undef, undef
	%v2f32 = fdiv <2 x float> undef, undef
	%v3f32 = fdiv <3 x float> undef, undef
	%v4f32 = fdiv <4 x float> undef, undef
	%v5f32 = fdiv <5 x float> undef, undef
	%v8f32 = fdiv <8 x float> undef, undef
	%v9f32 = fdiv <9 x float> undef, undef
	ret void
}

define amdgpu_kernel void @fdiv_f64() #0 {
0:
	%f64 = fdiv double undef, undef
	%v2f64 = fdiv <2 x double> undef, undef
	%v3f64 = fdiv <3 x double> undef, undef
	%v4f64 = fdiv <4 x double> undef, undef
	%v5f64 = fdiv <5 x double> undef, undef
	ret void
}

define amdgpu_kernel void @fdiv_f16_f32ieee() #0 {
0:
	%f16 = fdiv half undef, undef
	%v2f16 = fdiv <2 x half> undef, undef
	%v3f16 = fdiv <3 x half> undef, undef
	%v4f16 = fdiv <4 x half> undef, undef
	%v5f16 = fdiv <5 x half> undef, undef
	%v16f16 = fdiv <16 x half> undef, undef
	%v17f16 = fdiv <17 x half> undef, undef
	ret void
}

define amdgpu_kernel void @fdiv_f16_f32ftzdaz() #1 {
0:
	%f16 = fdiv half undef, undef
	%v2f16 = fdiv <2 x half> undef, undef
	%v3f16 = fdiv <3 x half> undef, undef
	%v4f16 = fdiv <4 x half> undef, undef
	%v5f16 = fdiv <5 x half> undef, undef
	%v16f16 = fdiv <16 x half> undef, undef
	%v17f16 = fdiv <17 x half> undef, undef
	ret void
}

define amdgpu_kernel void @rcp_ieee() #0 {
0:
	%f16 = fdiv half 1.0, undef
	%v2f16 = fdiv <2 x half> <half 1.0, half 1.0>, undef
	%v3f16 = fdiv <3 x half> <half 1.0, half 1.0, half 1.0>, undef
	%v4f16 = fdiv <4 x half> <half 1.0, half 1.0, half 1.0, half 1.0>, undef
	%v5f16 = fdiv <5 x half> <half 1.0, half 1.0, half 1.0, half 1.0, half 1.0>, undef
	%f32 = fdiv float 1.0, undef
	%v2f32 = fdiv <2 x float> <float 1.0, float 1.0>, undef
	%v3f32 = fdiv <3 x float> <float 1.0, float 1.0, float 1.0>, undef
	%v4f32 = fdiv <4 x float> <float 1.0, float 1.0, float 1.0, float 1.0>, undef
	%v5f32 = fdiv <5 x float> <float 1.0, float 1.0, float 1.0, float 1.0, float 1.0>, undef
	%f64 = fdiv double 1.0, undef
	%v2f64 = fdiv <2 x double> <double 1.0, double 1.0>, undef
	%v3f64 = fdiv <3 x double> <double 1.0, double 1.0, double 1.0>, undef
	%v4f64 = fdiv <4 x double> <double 1.0, double 1.0, double 1.0, double 1.0>, undef
	%v5f64 = fdiv <5 x double> <double 1.0, double 1.0, double 1.0, double 1.0, double 1.0>, undef
	ret void
}

define amdgpu_kernel void @rcp_ftzdaz() #1 {
0:
	%f16 = fdiv half 1.0, undef
	%v2f16 = fdiv <2 x half> <half 1.0, half 1.0>, undef
	%v3f16 = fdiv <3 x half> <half 1.0, half 1.0, half 1.0>, undef
	%v4f16 = fdiv <4 x half> <half 1.0, half 1.0, half 1.0, half 1.0>, undef
	%v5f16 = fdiv <5 x half> <half 1.0, half 1.0, half 1.0, half 1.0, half 1.0>, undef
	%f32 = fdiv float 1.0, undef
	%v2f32 = fdiv <2 x float> <float 1.0, float 1.0>, undef
	%v3f32 = fdiv <3 x float> <float 1.0, float 1.0, float 1.0>, undef
	%v4f32 = fdiv <4 x float> <float 1.0, float 1.0, float 1.0, float 1.0>, undef
	%v5f32 = fdiv <5 x float> <float 1.0, float 1.0, float 1.0, float 1.0, float 1.0>, undef
	%f64 = fdiv double 1.0, undef
	%v2f64 = fdiv <2 x double> <double 1.0, double 1.0>, undef
	%v3f64 = fdiv <3 x double> <double 1.0, double 1.0, double 1.0>, undef
	%v4f64 = fdiv <4 x double> <double 1.0, double 1.0, double 1.0, double 1.0>, undef
	%v5f64 = fdiv <5 x double> <double 1.0, double 1.0, double 1.0, double 1.0, double 1.0>, undef
	ret void
}

define i32 @frem(i32 %arg) {
0:
	%F32 = frem float undef, undef
	%V4F32 = frem <4 x float> undef, undef
	%V8F32 = frem <8 x float> undef, undef
	%V16F32 = frem <16 x float> undef, undef
	%F64 = frem double undef, undef
	%V2F64 = frem <2 x double> undef, undef
	%V4F64 = frem <4 x double> undef, undef
	%V8F64 = frem <8 x double> undef, undef
	ret i32 undef
}

attributes #0 = { nounwind "denormal-fp-math-f32"="ieee,ieee" }
attributes #1 = { nounwind "denormal-fp-math-f32"="preserve-sign,preserve-sign" }
