define <4 x float> @foo(<4 x float> %x) {
0:
	%ins1 = insertelement <4 x float> %x, float 1.0, i32 1
	%ins2 = insertelement <4 x float> %ins1, float 2.0, i32 2
	ret <4 x float> %ins2
}

define <4 x float> @bar(<4 x float> %x, float %a) {
0:
	%ins1 = insertelement <4 x float> %x, float %a, i32 1
	%ins2 = insertelement <4 x float> %ins1, float 2.0, i32 2
	ret <4 x float> %ins2
}

define <4 x float> @baz(<4 x float> %x, i32 %a) {
0:
	%ins1 = insertelement <4 x float> %x, float 1.0, i32 1
	%ins2 = insertelement <4 x float> %ins1, float 2.0, i32 %a
	ret <4 x float> %ins2
}

define <4 x float> @bazz(<4 x float> %x, i32 %a) {
0:
	%ins1 = insertelement <4 x float> %x, float 1.0, i32 3
	%ins2 = insertelement <4 x float> %ins1, float 5.0, i32 %a
	%ins3 = insertelement <4 x float> %ins2, float 3.0, i32 2
	%ins4 = insertelement <4 x float> %ins3, float 1.0, i32 1
	%ins5 = insertelement <4 x float> %ins4, float 2.0, i32 2
	%ins6 = insertelement <4 x float> %ins5, float 7.0, i32 %a
	ret <4 x float> %ins6
}

define <4 x float> @bazzz(<4 x float> %x) {
0:
	%ins1 = insertelement <4 x float> %x, float 1.0, i32 5
	%ins2 = insertelement <4 x float> %ins1, float 2.0, i32 2
	ret <4 x float> %ins2
}

define <4 x float> @bazzzz(<4 x float> %x) {
0:
	%ins1 = insertelement <4 x float> %x, float 1.0, i32 undef
	%ins2 = insertelement <4 x float> %ins1, float 2.0, i32 2
	ret <4 x float> %ins2
}

define <4 x float> @bazzzzz() {
0:
	%ins1 = insertelement <4 x float> insertelement (<4 x float> <float 1.0, float 2.0, float 3.0, float undef>, float 4.0, i32 3), float 5.0, i32 1
	%ins2 = insertelement <4 x float> %ins1, float 10.0, i32 2
	ret <4 x float> %ins2
}

define <4 x float> @bazzzzzz(<4 x float> %x, i32 %a) {
0:
	%ins1 = insertelement <4 x float> insertelement (<4 x float> shufflevector (<4 x float> undef, <4 x float> <float 1.0, float 2.0, float 3.0, float 4.0>, <4 x i32> <i32 0, i32 5, i32 undef, i32 6>), float 4.0, i32 3), float 5.0, i32 1
	ret <4 x float> %ins1
}
