define dso_local void @foo(i32 %0) #0 {
1:
	br label %2

2:
	%.0 = phi i32 [ 0, %1 ], [ %11, %10 ]
	%3 = icmp ult i32 %.0, 1000
	br i1 %3, label %4, label %12

4:
	%5 = icmp eq i32 %0, 0
	br i1 %5, label %8, label %6

6:
	callbr void asm sideeffect "# ${0:l}", "X,~{dirflag},~{fpsr},~{flags}"(i8* blockaddress(@foo, %10)) #0
		to label %7 [label %10]

7:
	br label %10

8:
	callbr void asm sideeffect "# ${0:l}", "X,~{dirflag},~{fpsr},~{flags}"(i8* blockaddress(@foo, %10)) #0
		to label %9 [label %10]

9:
	br label %10

10:
	%11 = add nuw nsw i32 %.0, 1
	br label %2

12:
	ret void
}
