target triple = "thumbv7-apple-ios7.0.0"

%class.Matrix3.0.6.10 = type { [9 x float] }

define arm_aapcscc void @_Z9GetMatrixv(%class.Matrix3.0.6.10* noalias nocapture sret(%class.Matrix3.0.6.10) %agg.result) #0 !dbg !39 {
0:
	br i1 fcmp oeq (float fadd (float fadd (float fmul (float undef, float undef), float fmul (float undef, float undef)), float fmul (float undef, float undef)), float 0.0), label %_ZN7Vector39NormalizeEv.exit, label %1

1:
	tail call arm_aapcscc void @_ZL4Sqrtd() #3
	br label %_ZN7Vector39NormalizeEv.exit

_ZN7Vector39NormalizeEv.exit:
	tail call void @llvm.dbg.declare(metadata %class.Matrix3.0.6.10* %agg.result, metadata !45, metadata !DIExpression())
	%2 = getelementptr inbounds %class.Matrix3.0.6.10, %class.Matrix3.0.6.10* %agg.result, i32 0, i32 0, i32 8
	ret void
}

declare void @llvm.dbg.declare(metadata %0, metadata %1, metadata %2) #1

declare arm_aapcscc void @_ZL4Sqrtd() #2

!4 = !DICompositeType(tag: DW_TAG_class_type, name: "Matrix3", file: !5, line: 20, size: 288, align: 32, identifier: "_ZTS7Matrix3")
!5 = !DIFile(filename: "test.ii", directory: "/Volumes/Data/radar/15094721")
!39 = distinct !DISubprogram(name: "GetMatrix", linkageName: "_Z9GetMatrixv", scope: !40, file: !5, line: 32, type: !41, isDefinition: true, scopeLine: 32, virtualIndex: 6, flags: DIFlagPrototyped, isOptimized: true)
!40 = !DIFile(filename: "test.ii", directory: "/Volumes/Data/radar/15094721")
!41 = !DISubroutineType(types: null)
!45 = !DILocalVariable(name: "matrix", scope: !39, file: !40, line: 35, type: !4)
